// Jest Snapshot v1, https://goo.gl/fbAQLP

exports[`components/HeroBanner should render HeroBanner component 1`] = `
<div>
  <div
    class="relative h-full"
  >
    <div
      class="absolute inset-0 bg-cover bg-center opacity-80"
      style="background-image: url(/legolas.jpg);"
    />
    <div
      class="absolute inset-0 bg-black bg-opacity-50"
    />
    <div
      class="relative z-1 flex items-center justify-center h-full text-center text-white px-4"
    >
      <div
        class="max-w-xl"
      >
        <h1
          class="text-4xl md:text-5xl font-bold mb-4"
        >
          Talk to Elves!
        </h1>
        <p
          class="text-lg md:text-xl mb-6"
        >
          Ever wanted to chat with Legolas? Now you can translate your messages to Elvish and impress your friends (or confuse them). Time to take the hobbits from Isengard!
        </p>
      </div>
    </div>
  </div>
</div>
`;
